// Jest Snapshot v1, https://goo.gl/fbAQLP

exports[`testing the app testing details page 1`] = `
"<div>
  <div>
    <header class=\\"header\\">
      <div><svg stroke=\\"currentColor\\" fill=\\"currentColor\\" stroke-width=\\"0\\" viewBox=\\"0 0 24 24\\" height=\\"1em\\" width=\\"1em\\" xmlns=\\"http://www.w3.org/2000/svg\\">
          <path fill=\\"none\\" d=\\"M0 0h24v24H0z\\"></path>
          <path d=\\"M11.67 3.87L9.9 2.1 0 12l9.9 9.9 1.77-1.77L3.54 12z\\"></path>
        </svg><span>2021</span></div>
      <p>Cryptocurrencies</p>
      <div class=\\"iconHolder\\"><svg stroke=\\"currentColor\\" fill=\\"currentColor\\" stroke-width=\\"0\\" viewBox=\\"0 0 1024 1024\\" height=\\"1em\\" width=\\"1em\\" xmlns=\\"http://www.w3.org/2000/svg\\">
          <path d=\\"M512 624c93.9 0 170-75.2 170-168V232c0-92.8-76.1-168-170-168s-170 75.2-170 168v224c0 92.8 76.1 168 170 168zm330-170c0-4.4-3.6-8-8-8h-60c-4.4 0-8 3.6-8 8 0 140.3-113.7 254-254 254S258 594.3 258 454c0-4.4-3.6-8-8-8h-60c-4.4 0-8 3.6-8 8 0 168.7 126.6 307.9 290 327.6V884H326.7c-13.7 0-24.7 14.3-24.7 32v36c0 4.4 2.8 8 6.2 8h407.6c3.4 0 6.2-3.6 6.2-8v-36c0-17.7-11-32-24.7-32H548V782.1c165.3-18 294-158 294-328.1z\\"></path>
        </svg><svg stroke=\\"currentColor\\" fill=\\"none\\" stroke-width=\\"2\\" viewBox=\\"0 0 24 24\\" stroke-linecap=\\"round\\" stroke-linejoin=\\"round\\" class=\\"icons\\" height=\\"1em\\" width=\\"1em\\" xmlns=\\"http://www.w3.org/2000/svg\\">
          <circle cx=\\"12\\" cy=\\"12\\" r=\\"3\\"></circle>
          <path d=\\"M19.4 15a1.65 1.65 0 0 0 .33 1.82l.06.06a2 2 0 0 1 0 2.83 2 2 0 0 1-2.83 0l-.06-.06a1.65 1.65 0 0 0-1.82-.33 1.65 1.65 0 0 0-1 1.51V21a2 2 0 0 1-2 2 2 2 0 0 1-2-2v-.09A1.65 1.65 0 0 0 9 19.4a1.65 1.65 0 0 0-1.82.33l-.06.06a2 2 0 0 1-2.83 0 2 2 0 0 1 0-2.83l.06-.06a1.65 1.65 0 0 0 .33-1.82 1.65 1.65 0 0 0-1.51-1H3a2 2 0 0 1-2-2 2 2 0 0 1 2-2h.09A1.65 1.65 0 0 0 4.6 9a1.65 1.65 0 0 0-.33-1.82l-.06-.06a2 2 0 0 1 0-2.83 2 2 0 0 1 2.83 0l.06.06a1.65 1.65 0 0 0 1.82.33H9a1.65 1.65 0 0 0 1-1.51V3a2 2 0 0 1 2-2 2 2 0 0 1 2 2v.09a1.65 1.65 0 0 0 1 1.51 1.65 1.65 0 0 0 1.82-.33l.06-.06a2 2 0 0 1 2.83 0 2 2 0 0 1 0 2.83l-.06.06a1.65 1.65 0 0 0-.33 1.82V9a1.65 1.65 0 0 0 1.51 1H21a2 2 0 0 1 2 2 2 2 0 0 1-2 2h-.09a1.65 1.65 0 0 0-1.51 1z\\"></path>
        </svg></div>
    </header><a class=\\"link\\" href=\\"/allcoins\\">
      <div class=\\"main\\">
        <h2>Pick a Category</h2><span>The fastest way to check trends</span>
      </div>
    </a>
    <p class=\\"categories\\">Categories</p>
    <div class=\\"subMain\\">
      <ul class=\\"list\\"></ul>
    </div>
  </div>
</div>"
`;
